// Jest Snapshot v1, https://goo.gl/fbAQLP

exports[`Global renders 1`] = `
<div
  className="row"
>
  <Connect(Filterable)
    filters={
      Object {
        "hot": Object {
          "displayName": "Destacados",
          "exact": true,
          "id": "hot",
          "pathname": "/global",
          "url": "/feed/global",
        },
        "recents": Object {
          "displayName": "Recientes",
          "exact": false,
          "id": "recents",
          "pathname": "/global/recents",
          "url": "/feed/global?sort=recent",
        },
        "tops": Object {
          "displayName": "Tops",
          "exact": false,
          "id": "tops",
          "pathname": "/global/tops",
          "url": "/feed/global/tops/week",
        },
      }
    }
  />
  <div
    className="col-12 col-lg-8"
  >
    <Connect(FilterableInfiniteScroll)
      feedId="global"
      filter="hot"
      url="/feed/global"
    />
  </div>
  <div
    className="col-4 order-first order-lg-last d-none d-lg-block"
  >
    <Ad />
  </div>
</div>
`;
