// Jest Snapshot v1, https://goo.gl/fbAQLP

exports[`Size List renders 1`] = `
<div
  className="form-inline"
>
  <Connect(Button)
    icon="ta-items-big"
    size="settings/ITEM_BIG"
  />
  <Connect(Button)
    icon="ta-items-medium"
    size="settings/ITEM_MEDIUM"
  />
  <Connect(Button)
    icon="ta-items-small"
    size="settings/ITEM_SMALL"
  />
</div>
`;
