// Jest Snapshot v1, https://goo.gl/fbAQLP

exports[`Search renders 1`] = `
<div
  className="row"
>
  <div
    className="col-8"
  >
    <h5
      className="mb-4"
    >
      Buscar
    </h5>
    <SearchGroup
      className="mb-4"
      hide={true}
      title="Posts"
    >
      <Summaries
        history={
          Object {
            "listen": [Function],
          }
        }
        itemSize="settings/ITEM_SMALL"
        loadFeed={[Function]}
        loadMore={[Function]}
        placeholderCount={3}
        status="success"
        summaries={Array []}
      />
    </SearchGroup>
    <SearchGroup
      hide={true}
      title="Usuarios"
    >
      <div
        className="row"
      />
    </SearchGroup>
  </div>
</div>
`;
