// Jest Snapshot v1, https://goo.gl/fbAQLP

exports[`Serach Group renders nothing when has no matches 1`] = `null`;

exports[`Serach Group renders when has matches 1`] = `
<div
  className="bar"
>
  <h6
    className="text-secondary"
  >
    foo
     
    <small>
      (
      5
       resultados)
    </small>
  </h6>
  baz
</div>
`;
