// Jest Snapshot v1, https://goo.gl/fbAQLP

exports[`Search User renders 1`] = `
<div
  className="col-12 col-md-6 mb-4"
>
  <div
    className="card"
  >
    <div
      className="card-body p-2 d-flex"
    >
      <img
        alt="supr159"
        className="rounded mr-3"
        src="https://a21.t26.net/taringa/avatares/4/6/6/F/D/5/supr159/120x120_B7B.jpg"
        style={
          Object {
            "height": 68,
            "maxHeight": 68,
            "maxWidth": 68,
            "minHeight": 68,
            "minWidth": 68,
            "width": 68,
          }
        }
      />
      <div
        style={
          Object {
            "overflow": "hidden",
          }
        }
      >
        <h6
          className="m-0 text-truncate"
          title="Diego Lopez"
        >
          Diego Lopez
        </h6>
        <a
          href="/u/supr159"
          onClick={[Function]}
          style={
            Object {
              "fontSize": "90%",
            }
          }
        >
          @
          supr159
        </a>
        <p
          className="mb-0 mt-1 text-muted small"
        >
          32
           seguidores  
          0
           siguiendo  
          11
           posts
        </p>
      </div>
    </div>
  </div>
</div>
`;
