// Jest Snapshot v1, https://goo.gl/fbAQLP

exports[`Home renders 1`] = `
<div
  className="row"
>
  <Connect(Filterable)
    filters={
      Object {
        "hot": Object {
          "displayName": "Destacados",
          "exact": true,
          "id": "hot",
          "pathname": "/",
          "url": "/feed",
        },
        "recents": Object {
          "displayName": "Recientes",
          "exact": false,
          "id": "recents",
          "pathname": "/recents",
          "url": "/feed?sort=recent",
        },
      }
    }
  />
  <div
    className="col-8"
  >
    <Connect(Feed)
      feedId="mi"
      filter="hot"
      url="/feed"
    />
  </div>
  <div
    className="col-4"
  >
    <Ad />
  </div>
</div>
`;
