// Jest Snapshot v1, https://goo.gl/fbAQLP

exports[`Home renders 1`] = `
<div
  className="row"
>
  <div
    className="col-8"
  >
    <FeedRoute
      exact={true}
      id="mi.hot"
      path="/"
      url="/feed"
    />
    <FeedRoute
      id="mi.recents"
      path="/recents"
      url="/feed?sort=recent"
    />
  </div>
  <div
    className="col-4"
  >
    <Ad />
  </div>
</div>
`;
