// Jest Snapshot v1, https://goo.gl/fbAQLP

exports[`Summaries renders default 1`] = `""`;

exports[`Summaries renders summaries 1`] = `
<div
  className="Summaries item-medium"
>
  <div
    className="card"
  >
    <ul
      className="list-group list-group-flush"
    >
      <Connect(Summary)
        id={1}
        key="1"
      />
      <Connect(Summary)
        id={2}
        key="2"
      />
      <Connect(Summary)
        id={3}
        key="3"
      />
    </ul>
  </div>
</div>
`;
