// Jest Snapshot v1, https://goo.gl/fbAQLP

exports[`Avatar renders default 1`] = `
<img
  alt="#FIRSTNAME #LASTNAME"
  className="rounded Commentable-avatar"
  src="#AVATAR"
  title="#FIRSTNAME #LASTNAME"
/>
`;

exports[`Avatar renders with props 1`] = `
<img
  alt="foo bar"
  className="rounded Commentable-avatar"
  src="baz"
  title="foo bar"
/>
`;
