// Jest Snapshot v1, https://goo.gl/fbAQLP

exports[`User renders 1`] = `
<div
  className="row"
>
  <Connect(Filterable)
    filters={
      Object {
        "hot": Object {
          "displayName": "Destacados",
          "exact": true,
          "id": "hot",
          "pathname": "/u/foobar",
          "url": "/user/foobar/feed",
        },
        "recents": Object {
          "displayName": "Recientes",
          "exact": false,
          "id": "recents",
          "pathname": "/u/foobar/recents",
          "url": "/user/foobar/feed",
        },
        "tops": Object {
          "displayName": "Tops",
          "exact": false,
          "id": "tops",
          "pathname": "/u/foobar/tops",
          "url": "/user/foobar/tops/week",
        },
      }
    }
  />
  <div
    className="col-12 col-lg-8"
  >
    <Connect(FilterableInfiniteScroll)
      feedId="foobar"
      filter="hot"
      url="/user/foobar/feed"
    />
  </div>
  <div
    className="col-12 col-lg-4 order-first order-lg-last mb-4 mb-lg-0"
  >
    <Connect(UserCardContainer)
      username="foobar"
    />
  </div>
</div>
`;
