// Jest Snapshot v1, https://goo.gl/fbAQLP

exports[`Nav renders default 1`] = `
<div
  className="navbar navbar-dark Nav"
>
  <div
    className="container"
  >
    <a
      className="navbar-brand font-weight-bold"
      href="/"
      onClick={[Function]}
    >
      TARINGA!
    </a>
  </div>
</div>
`;
