// Jest Snapshot v1, https://goo.gl/fbAQLP

exports[`Secondary Nav renders 1`] = `
<div
  className="SecondaryNav bg-light border-bottom"
>
  <div
    className="container"
  >
    <div
      className="row"
    >
      <div
        className="col-12 col-lg-8"
      >
        <nav
          className="navbar navbar-light navbar-expand p-0"
        >
          <div
            className="collapse navbar-collapse"
          >
            <SizeList />
            <span
              className="navbar-text divider mx-0 mx-lg-3"
            />
            <withRouter(Connect(Filters)) />
          </div>
        </nav>
      </div>
    </div>
  </div>
</div>
`;
