// Jest Snapshot v1, https://goo.gl/fbAQLP

exports[`Story Content renders 1`] = `
<div
  className="card Story-body"
>
  <div
    className="card-body"
  >
    <h4
      className="card-title "
    >
      #TITLE
    </h4>
    #CONTENT
  </div>
  <div
    className="card-footer bg-light"
  >
    <Action
      className="mr-4"
      icon="fa fa-arrow-up"
    >
      0
    </Action>
    <Action
      className="mr-4"
      icon="fa fa-arrow-down"
    >
      0
    </Action>
    <Action
      icon="far fa-comment"
    >
      0
    </Action>
  </div>
</div>
`;
