// Jest Snapshot v1, https://goo.gl/fbAQLP

exports[`Storyshots Nav default 1`] = `
<div
  className="navbar navbar-dark Nav"
>
  <a
    className="navbar-brand font-weight-bold"
    href="/"
  >
    TARINGA!
  </a>
</div>
`;

exports[`Storyshots Story shout 1`] = `
<div
  className="card Story"
>
  <div
    className="Story-score-display"
  >
    <button
      className="Story-vote"
      onClick={[Function]}
    >
      <i
        className="fa fa-arrow-up"
      />
    </button>
    <div
      className="Story-score"
    >
      13.7k
    </div>
    <button
      className="Story-vote"
      onClick={[Function]}
    >
      <i
        className="fa fa-arrow-down"
      />
    </button>
  </div>
  <div
    className="StoryShout"
  >
    <a
      className="StoryShout-thumbnail"
      href="/"
    >
      <img
        src="https://k60.kn3.net/taringa/1/8/3/5/9/3/15/f3d3_14/61D.jpg"
      />
    </a>
    <div
      className="StoryShout-info"
    >
      <a
        className="StoryShout-title text-dark"
        href="/story/tienen-que-shoutear-minas-asi_z50xj"
      >
        Tienen que shoutear minas asi
      </a>
      <p
        className="StoryShout-meta"
      >
        Posteado por
        <a
          href="/user/F3D3_14"
        >
          F3D3_14
        </a>
        hace 
        2018-01-22T19:27:56.000Z
      </p>
      <div
        className="StoryShout-actions"
      >
        <button
          className="btn StoryShout-action"
          title="Expandir"
        >
          <i
            className="fa fa-expand"
          />
        </button>
        <button
          className="btn StoryShout-action"
          title="Comentarios"
        >
          <i
            className="fa fa-comments"
          />
          8k
           comentarios
        </button>
        <button
          className="btn StoryShout-action"
          title="Compartir"
        >
          <i
            className="fa fa-retweet"
          />
          4.5k
        </button>
      </div>
    </div>
  </div>
</div>
`;
